[27-08-2026 16:08:13] Inicio de ejecución
[27-08-2026 16:08:17] Abriendo Kibana
[27-08-2026 16:08:22] Ingresando credenciales
[27-08-2026 16:08:28] Seleccionando espacio Default
[27-08-2026 16:08:36] Abriendo lista de Dashboards
[27-08-2026 16:08:46] Abriendo Dashboard S4
[27-08-2026 16:08:56] Aplicando filtro Today
[27-08-2026 16:09:10] Abriendo Share
[27-08-2026 16:09:12] Abriendo Export
[27-08-2026 16:09:14] Solicitando PDF
[27-08-2026 16:09:14] Esperando generación del PDF
[27-08-2026 16:09:43] Reporte listo
[27-08-2026 16:09:47] PDF guardado: C:\Users\jose.mendez\OneDrive - Scontinuidad Latam SA de CV\Documentos\S4Automation\Reportes_S4\S4 SERVICIO ADMINISTRADO DE CONECTIVIDAD v4_27-08-2026_16-09.pdf
[27-08-2026 16:09:47] Tamaño PDF: 3472442 bytes
[27-08-2026 16:09:47] Iniciando Outlook
[27-08-2026 16:09:47] Objeto Outlook creado
[27-08-2026 16:09:47] Correo creado
[27-08-2026 16:09:48] Adjunto agregado al correo
[27-08-2026 16:09:48] Correo enviado correctamente
[27-08-2026 16:09:50] Fin de ejecución
[27-08-2026 16:17:01] Inicio de ejecución
[27-08-2026 16:17:04] Abriendo Kibana
[27-08-2026 16:17:09] Ingresando credenciales
[27-08-2026 16:17:14] Seleccionando espacio Default
[27-08-2026 16:17:24] Abriendo lista de Dashboards
[27-08-2026 16:17:33] Abriendo Dashboard S4
[27-08-2026 16:17:43] Aplicando filtro Today
[27-08-2026 16:17:57] Abriendo Share
[27-08-2026 16:17:59] Abriendo Export
[27-08-2026 16:18:01] Solicitando PDF
[27-08-2026 16:18:01] Esperando generación del PDF
[27-08-2026 16:18:30] Reporte listo
[27-08-2026 16:18:34] PDF guardado: C:\Users\jose.mendez\OneDrive - Scontinuidad Latam SA de CV\Documentos\S4Automation\Reportes_S4\S4 SERVICIO ADMINISTRADO DE CONECTIVIDAD v4_27-08-2026_16-18.pdf
[27-08-2026 16:18:34] Tamaño PDF: 3479444 bytes
[27-08-2026 16:18:34] Iniciando Outlook
[27-08-2026 16:18:38] Outlook iniciado
[27-08-2026 16:18:39] Adjunto agregado al correo
[27-08-2026 16:18:39] Correo enviado correctamente
[27-08-2026 16:18:39] Cerrando navegador
[27-08-2026 16:18:42] Fin de ejecución
[27-08-2026 16:25:43] Inicio de ejecución
[27-08-2026 16:25:47] Abriendo Kibana
[27-08-2026 16:25:52] Ingresando credenciales
[27-08-2026 16:25:57] Seleccionando espacio Default
[27-08-2026 16:26:07] Abriendo lista de Dashboards
[27-08-2026 16:26:17] Abriendo Dashboard S4
[27-08-2026 16:26:27] Aplicando filtro Today
[27-08-2026 16:26:42] Abriendo Share
[27-08-2026 16:26:44] Abriendo Export
[27-08-2026 16:26:46] Solicitando PDF
[27-08-2026 16:26:46] Esperando generación del PDF
[27-08-2026 16:27:14] Reporte listo
[27-08-2026 16:27:18] PDF guardado: C:\Users\jose.mendez\OneDrive - Scontinuidad Latam SA de CV\Documentos\S4Automation\Reportes_S4\S4 SERVICIO ADMINISTRADO DE CONECTIVIDAD v4_27-08-2026_16-27.pdf
[27-08-2026 16:27:18] Tamaño PDF: 3497230 bytes
[27-08-2026 16:27:18] Iniciando Outlook
[27-08-2026 16:27:22] Outlook iniciado
[27-08-2026 16:27:24] Adjunto agregado al correo
[27-08-2026 16:27:24] Correo enviado correctamente
[27-08-2026 16:27:24] Cerrando navegador
[27-08-2026 16:27:28] Fin de ejecución
[27-08-2026 16:31:12] Inicio de ejecución
[27-08-2026 16:31:16] Abriendo Kibana
[27-08-2026 16:31:20] Ingresando credenciales
[27-08-2026 16:31:26] Seleccionando espacio Default
[27-08-2026 16:31:36] Abriendo lista de Dashboards
[27-08-2026 16:31:46] Abriendo Dashboard S4
[27-08-2026 16:31:56] Aplicando filtro Today
[27-08-2026 16:32:10] Abriendo Share
[27-08-2026 16:32:12] Abriendo Export
[27-08-2026 16:32:14] Solicitando PDF
[27-08-2026 16:32:14] Esperando generación del PDF
[27-08-2026 16:32:43] Reporte listo
[27-08-2026 16:32:46] PDF guardado: C:\Users\jose.mendez\OneDrive - Scontinuidad Latam SA de CV\Documentos\S4Automation\Reportes_S4\S4 SERVICIO ADMINISTRADO DE CONECTIVIDAD v4_27-08-2026_16-32.pdf
[27-08-2026 16:32:46] Tamaño PDF: 3507212 bytes
[27-08-2026 16:32:46] Iniciando Outlook
[27-08-2026 16:32:50] Outlook iniciado
[27-08-2026 16:32:51] Adjunto agregado al correo
[27-08-2026 16:32:52] Correo enviado correctamente
[27-08-2026 16:32:52] Cerrando navegador
[27-08-2026 16:32:55] Fin de ejecución
[28-08-2026 08:02:45] Inicio de ejecución
[28-08-2026 08:04:36] Inicio de ejecución
[28-08-2026 08:04:42] Abriendo Kibana
[28-08-2026 08:04:46] Ingresando credenciales
[28-08-2026 08:04:52] Seleccionando espacio Default
[28-08-2026 08:05:02] Abriendo lista de Dashboards
[28-08-2026 08:05:12] Abriendo Dashboard S4
[28-08-2026 08:05:22] Aplicando filtro Today
[28-08-2026 08:05:36] Abriendo Share
[28-08-2026 08:05:38] Abriendo Export
[28-08-2026 08:05:40] Solicitando PDF
[28-08-2026 08:05:40] Esperando generación del PDF
[28-08-2026 08:06:05] Reporte listo
[28-08-2026 08:06:15] PDF guardado: C:\Users\jose.mendez\OneDrive - Scontinuidad Latam SA de CV\Documentos\S4Automation\Reportes_S4\S4 SERVICIO ADMINISTRADO DE CONECTIVIDAD v4_28-08-2026_08-06.pdf
[28-08-2026 08:06:15] Tamaño PDF: 2630461 bytes
[28-08-2026 08:06:15] Iniciando Outlook
[28-08-2026 08:06:20] Outlook iniciado
[28-08-2026 08:06:25] ERROR GENERAL: Outlook.Application.CreateItem
[28-08-2026 08:10:54] Inicio de ejecución
[28-08-2026 08:10:59] Abriendo Kibana
[28-08-2026 08:11:03] Ingresando credenciales
[28-08-2026 08:11:08] Seleccionando espacio Default
[28-08-2026 08:11:20] Abriendo lista de Dashboards
[28-08-2026 08:11:29] Abriendo Dashboard S4
[28-08-2026 08:11:40] Aplicando filtro Today
[28-08-2026 08:11:53] Abriendo Share
[28-08-2026 08:11:55] Abriendo Export
[28-08-2026 08:11:57] Solicitando PDF
[28-08-2026 08:11:57] Esperando generación del PDF
[28-08-2026 08:12:21] Reporte listo
[28-08-2026 08:12:25] PDF guardado: C:\Users\jose.mendez\OneDrive - Scontinuidad Latam SA de CV\Documentos\S4Automation\Reportes_S4\S4 SERVICIO ADMINISTRADO DE CONECTIVIDAD v4_28-08-2026_08-12.pdf
[28-08-2026 08:12:25] Tamaño PDF: 2637179 bytes
[28-08-2026 08:12:25] Iniciando Outlook
[28-08-2026 08:12:29] Outlook iniciado
[28-08-2026 08:12:29] Correo creado en intento 1
[28-08-2026 08:12:34] Adjunto agregado al correo
[28-08-2026 08:12:37] ERROR GENERAL: (-2147352567, 'Ocurrió una excepción.', (4096, 'Microsoft Outlook', 'Outlook no reconoce alguno de los nombres. ', None, 0, -2147467259), None)
[28-08-2026 08:42:59] Inicio de ejecución
[28-08-2026 08:43:02] Inicio de ejecución
[28-08-2026 08:43:03] Abriendo Kibana
[28-08-2026 08:43:07] Ingresando credenciales
[28-08-2026 08:43:09] Abriendo Kibana
[28-08-2026 08:43:14] Ingresando credenciales
[28-08-2026 08:43:14] Seleccionando espacio Default
[28-08-2026 08:43:20] Seleccionando espacio Default
[28-08-2026 08:43:25] Abriendo lista de Dashboards
[28-08-2026 08:43:31] Abriendo lista de Dashboards
[28-08-2026 08:43:32] Abriendo Dashboard S4
[28-08-2026 08:43:41] Abriendo Dashboard S4
[28-08-2026 08:43:42] Aplicando filtro Today
[28-08-2026 08:43:52] Aplicando filtro Today
[28-08-2026 08:44:00] Abriendo Share
[28-08-2026 08:44:02] Abriendo Export
[28-08-2026 08:44:04] Solicitando PDF
[28-08-2026 08:44:04] Esperando generación del PDF
[28-08-2026 08:44:06] Abriendo Share
[28-08-2026 08:44:08] Abriendo Export
[28-08-2026 08:44:10] Solicitando PDF
[28-08-2026 08:44:10] Esperando generación del PDF
[28-08-2026 08:44:33] Reporte listo
[28-08-2026 08:44:36] PDF guardado: C:\Users\jose.mendez\OneDrive - Scontinuidad Latam SA de CV\Documentos\S4Automation\Reportes_S4\S4 SERVICIO ADMINISTRADO DE CONECTIVIDAD v4_28-08-2026_08-44.pdf
[28-08-2026 08:44:36] Tamaño PDF: 2676123 bytes
[28-08-2026 08:44:36] Iniciando Outlook
[28-08-2026 08:44:43] Outlook iniciado
[28-08-2026 08:44:44] Correo creado en intento 1
[28-08-2026 08:44:50] Adjunto agregado al correo
[28-08-2026 08:44:50] Correo enviado correctamente
[28-08-2026 08:44:50] Cerrando navegador
[28-08-2026 08:44:54] Reporte listo
[28-08-2026 08:44:55] Fin de ejecución
[28-08-2026 08:44:57] PDF guardado: C:\Users\jose.mendez\OneDrive - Scontinuidad Latam SA de CV\Documentos\S4Automation\Reportes_S4\S4 SERVICIO ADMINISTRADO DE CONECTIVIDAD v4_28-08-2026_08-44.pdf
[28-08-2026 08:44:57] Tamaño PDF: 2679285 bytes
[28-08-2026 08:44:57] Iniciando Outlook
[28-08-2026 08:44:57] Outlook iniciado
[28-08-2026 08:44:57] Correo creado en intento 1
[28-08-2026 08:44:57] Adjunto agregado al correo
[28-08-2026 08:44:57] Correo enviado correctamente
[28-08-2026 08:44:57] Cerrando navegador
[28-08-2026 08:45:01] Fin de ejecución
[28-08-2026 11:05:05] Inicio de ejecución
[28-08-2026 11:05:13] Abriendo Kibana
[28-08-2026 11:05:18] Ingresando credenciales
[28-08-2026 11:05:25] Seleccionando espacio Default
[28-08-2026 11:05:36] Abriendo lista de Dashboards
[28-08-2026 11:05:46] Abriendo Dashboard S4
[28-08-2026 11:05:56] Aplicando filtro Today
[28-08-2026 11:06:16] Abriendo Share
[28-08-2026 11:06:18] Abriendo Export
[28-08-2026 11:06:20] Solicitando PDF
[28-08-2026 11:06:20] Esperando generación del PDF
[28-08-2026 11:06:49] Reporte listo
[28-08-2026 11:06:52] PDF guardado: C:\Users\jose.mendez\OneDrive - Scontinuidad Latam SA de CV\Documentos\S4Automation\Reportes_S4\S4 SERVICIO ADMINISTRADO DE CONECTIVIDAD v4_28-08-2026_11-06.pdf
[28-08-2026 11:06:52] Tamaño PDF: 2873955 bytes
[28-08-2026 11:06:52] Iniciando Outlook
[28-08-2026 11:07:01] Outlook iniciado
[28-08-2026 11:07:02] Correo creado en intento 1
[28-08-2026 11:07:05] Adjunto agregado al correo
[28-08-2026 11:07:10] Correo enviado correctamente
[28-08-2026 11:07:10] Cerrando navegador
[28-08-2026 11:07:17] Fin de ejecución
[31-08-2026 08:06:26] Inicio de ejecución
[31-08-2026 08:06:32] Abriendo Kibana
[31-08-2026 08:06:36] Ingresando credenciales
[31-08-2026 08:06:41] Seleccionando espacio Default
[31-08-2026 08:06:51] Abriendo lista de Dashboards
[31-08-2026 08:07:03] Abriendo Dashboard S4
[31-08-2026 08:07:13] Aplicando filtro Today
[31-08-2026 08:07:26] Abriendo Share
[31-08-2026 08:07:29] Abriendo Export
[31-08-2026 08:07:31] Solicitando PDF
[31-08-2026 08:07:31] Esperando generación del PDF
[31-08-2026 08:07:58] Reporte listo
[31-08-2026 08:08:01] PDF guardado: C:\Users\jose.mendez\OneDrive - Scontinuidad Latam SA de CV\Documentos\S4Automation\Reportes_S4\S4 SERVICIO ADMINISTRADO DE CONECTIVIDAD v4_31-08-2026_08-07.pdf
[31-08-2026 08:08:01] Tamaño PDF: 2837612 bytes
[31-08-2026 08:08:01] Iniciando Outlook
[31-08-2026 08:08:04] Outlook iniciado
[31-08-2026 08:08:05] Correo creado en intento 1
[31-08-2026 08:08:08] Adjunto agregado al correo
[31-08-2026 08:08:11] ERROR GENERAL: 'bool' object is not callable
[31-08-2026 08:28:54] Inicio de ejecución
[31-08-2026 08:28:57] Abriendo Kibana
[31-08-2026 08:29:01] Ingresando credenciales
[31-08-2026 08:29:06] Seleccionando espacio Default
[31-08-2026 08:29:17] Abriendo lista de Dashboards
[31-08-2026 08:29:28] Abriendo Dashboard S4
[31-08-2026 08:29:38] Aplicando filtro Today
[31-08-2026 08:29:52] Abriendo Share
[31-08-2026 08:29:54] Abriendo Export
[31-08-2026 08:29:56] Solicitando PDF
[31-08-2026 08:29:56] Esperando generación del PDF
[31-08-2026 08:32:06] Inicio de ejecución
[31-08-2026 08:32:08] Abriendo Kibana
[31-08-2026 08:32:12] Ingresando credenciales
[31-08-2026 08:32:17] Seleccionando espacio Default
[31-08-2026 08:32:31] Abriendo lista de Dashboards
[31-08-2026 08:32:40] Abriendo Dashboard S4
[31-08-2026 08:32:50] Aplicando filtro Today
[31-08-2026 08:33:04] Abriendo Share
[31-08-2026 08:33:06] Abriendo Export
[31-08-2026 08:33:08] Solicitando PDF
[31-08-2026 08:33:08] Esperando generación del PDF
[31-08-2026 08:33:37] Reporte listo
[31-08-2026 08:33:40] PDF guardado: C:\Users\jose.mendez\OneDrive - Scontinuidad Latam SA de CV\Documentos\S4Automation\Reportes_S4\S4 SERVICIO ADMINISTRADO DE CONECTIVIDAD v4_31-08-2026_08-33.pdf
[31-08-2026 08:33:40] Tamaño PDF: 2885276 bytes
[31-08-2026 08:33:40] Iniciando Outlook
[31-08-2026 08:33:42] Outlook iniciado
[31-08-2026 08:33:42] Correo creado en intento 1
[31-08-2026 08:33:44] Adjunto agregado al correo
[31-08-2026 08:33:45] Correo enviado correctamente
[31-08-2026 08:33:45] Cerrando navegador
[31-08-2026 08:33:49] Fin de ejecución
[01-09-2026 08:00:02] Inicio de ejecución
[01-09-2026 08:00:08] Abriendo Kibana
[01-09-2026 08:00:12] Ingresando credenciales
[01-09-2026 08:00:17] Seleccionando espacio Default
[01-09-2026 08:00:28] Abriendo lista de Dashboards
[01-09-2026 08:00:37] Abriendo Dashboard S4
[01-09-2026 08:00:47] Aplicando filtro Today
[01-09-2026 08:01:01] Abriendo Share
[01-09-2026 08:01:03] Abriendo Export
[01-09-2026 08:01:05] Solicitando PDF
[01-09-2026 08:01:05] Esperando generación del PDF
[01-09-2026 08:01:30] Reporte listo
[01-09-2026 08:01:32] PDF guardado: C:\Users\jose.mendez\OneDrive - Scontinuidad Latam SA de CV\Documentos\S4Automation\Reportes_S4\S4 SERVICIO ADMINISTRADO DE CONECTIVIDAD v4_01-09-2026_08-01.pdf
[01-09-2026 08:01:32] Tamaño PDF: 2676334 bytes
[01-09-2026 08:01:32] Iniciando Outlook
[01-09-2026 08:01:36] Outlook iniciado
[01-09-2026 08:01:36] Correo creado en intento 1
[01-09-2026 08:01:40] Reporte agregado al correo
[01-09-2026 08:01:42] ERROR GENERAL: 'bool' object is not callable
[02-09-2026 08:00:00] Inicio de ejecución
[02-09-2026 08:00:06] Abriendo Kibana
[02-09-2026 08:00:10] Ingresando credenciales
[02-09-2026 08:00:17] Seleccionando espacio Default
[02-09-2026 08:00:27] Abriendo lista de Dashboards
[02-09-2026 08:00:37] Abriendo Dashboard S4
[02-09-2026 08:00:47] Aplicando filtro Today
[02-09-2026 08:01:00] Abriendo Share
[02-09-2026 08:01:02] Abriendo Export
[02-09-2026 08:01:04] Solicitando PDF
[02-09-2026 08:01:04] Esperando generación del PDF
[02-09-2026 08:01:34] Reporte listo
[02-09-2026 08:01:37] PDF guardado: C:\Users\jose.mendez\OneDrive - Scontinuidad Latam SA de CV\Documentos\S4Automation\Reportes_S4\S4 SERVICIO ADMINISTRADO DE CONECTIVIDAD v4_02-09-2026_08-01.pdf
[02-09-2026 08:01:37] Tamaño PDF: 2667026 bytes
[02-09-2026 08:01:37] Iniciando Outlook
[02-09-2026 08:01:41] Outlook iniciado
[02-09-2026 08:01:41] Correo creado en intento 1
[02-09-2026 08:01:45] Reporte agregado al correo
[02-09-2026 08:01:45] Correo enviado correctamente
[02-09-2026 08:01:45] Cerrando navegador
[02-09-2026 08:01:48] Fin de ejecución
[02-09-2026 10:07:47] Inicio de ejecución
[02-09-2026 10:07:52] Abriendo Kibana
[02-09-2026 10:07:57] Ingresando credenciales
[02-09-2026 10:08:02] Seleccionando espacio Default
[02-09-2026 10:08:11] Abriendo lista de Dashboards
[02-09-2026 10:08:21] Abriendo Dashboard S4
[02-09-2026 10:08:32] Aplicando filtro Today
[02-09-2026 10:08:46] Abriendo Share
[02-09-2026 10:08:48] Abriendo Export
[02-09-2026 10:08:50] Solicitando PDF
[02-09-2026 10:08:50] Esperando generación del PDF
[02-09-2026 10:09:13] Reporte listo
[02-09-2026 10:09:16] PDF guardado: C:\Users\jose.mendez\OneDrive - Scontinuidad Latam SA de CV\Documentos\S4Automation\Reportes_S4\S4 SERVICIO ADMINISTRADO DE CONECTIVIDAD v4_02-09-2026_10-09.pdf
[02-09-2026 10:09:16] Tamaño PDF: 2879674 bytes
[02-09-2026 10:09:16] Iniciando Outlook
[02-09-2026 10:09:22] Outlook iniciado
[02-09-2026 10:09:23] Correo creado en intento 1
[02-09-2026 10:09:26] Reporte agregado al correo
[02-09-2026 10:09:29] Correo enviado correctamente
[02-09-2026 10:09:29] Cerrando navegador
[02-09-2026 10:09:35] Fin de ejecución
